{
    "homo_sapiens - bam, bai, [] - stub": {
        "content": [
            {
                "0": [
                    [
                        {
                            "id": "test",
                            "single_end": true
                        },
                        "test.global.dist.txt:md5,d41d8cd98f00b204e9800998ecf8427e"
                    ]
                ],
                "1": [
                    [
                        {
                            "id": "test",
                            "single_end": true
                        },
                        "test.summary.txt:md5,d41d8cd98f00b204e9800998ecf8427e"
                    ]
                ],
                "10": [
                    [
                        {
                            "id": "test",
                            "single_end": true
                        },
                        "test.thresholds.bed.gz:md5,68b329da9893e34099c7d8ad5cb9c940"
                    ]
                ],
                "11": [
                    [
                        {
                            "id": "test",
                            "single_end": true
                        },
                        "test.thresholds.bed.gz.csi:md5,d41d8cd98f00b204e9800998ecf8427e"
                    ]
                ],
                "12": [
                    "versions.yml:md5,333368078626c18a32eeb12299080cc9"
                ],
                "2": [
                    [
                        {
                            "id": "test",
                            "single_end": true
                        },
                        "test.region.dist.txt:md5,d41d8cd98f00b204e9800998ecf8427e"
                    ]
                ],
                "3": [
                    [
                        {
                            "id": "test",
                            "single_end": true
                        },
                        "test.per-base.d4:md5,d41d8cd98f00b204e9800998ecf8427e"
                    ]
                ],
                "4": [
                    [
                        {
                            "id": "test",
                            "single_end": true
                        },
                        "test.per-base.bed.gz:md5,68b329da9893e34099c7d8ad5cb9c940"
                    ]
                ],
                "5": [
                    [
                        {
                            "id": "test",
                            "single_end": true
                        },
                        "test.per-base.bed.gz.csi:md5,d41d8cd98f00b204e9800998ecf8427e"
                    ]
                ],
                "6": [
                    [
                        {
                            "id": "test",
                            "single_end": true
                        },
                        "test.regions.bed.gz:md5,68b329da9893e34099c7d8ad5cb9c940"
                    ]
                ],
                "7": [
                    [
                        {
                            "id": "test",
                            "single_end": true
                        },
                        "test.regions.bed.gz.csi:md5,d41d8cd98f00b204e9800998ecf8427e"
                    ]
                ],
                "8": [
                    [
                        {
                            "id": "test",
                            "single_end": true
                        },
                        "test.quantized.bed.gz:md5,68b329da9893e34099c7d8ad5cb9c940"
                    ]
                ],
                "9": [
                    [
                        {
                            "id": "test",
                            "single_end": true
                        },
                        "test.quantized.bed.gz.csi:md5,d41d8cd98f00b204e9800998ecf8427e"
                    ]
                ],
                "global_txt": [
                    [
                        {
                            "id": "test",
                            "single_end": true
                        },
                        "test.global.dist.txt:md5,d41d8cd98f00b204e9800998ecf8427e"
                    ]
                ],
                "per_base_bed": [
                    [
                        {
                            "id": "test",
                            "single_end": true
                        },
                        "test.per-base.bed.gz:md5,68b329da9893e34099c7d8ad5cb9c940"
                    ]
                ],
                "per_base_csi": [
                    [
                        {
                            "id": "test",
                            "single_end": true
                        },
                        "test.per-base.bed.gz.csi:md5,d41d8cd98f00b204e9800998ecf8427e"
                    ]
                ],
                "per_base_d4": [
                    [
                        {
                            "id": "test",
                            "single_end": true
                        },
                        "test.per-base.d4:md5,d41d8cd98f00b204e9800998ecf8427e"
                    ]
                ],
                "quantized_bed": [
                    [
                        {
                            "id": "test",
                            "single_end": true
                        },
                        "test.quantized.bed.gz:md5,68b329da9893e34099c7d8ad5cb9c940"
                    ]
                ],
                "quantized_csi": [
                    [
                        {
                            "id": "test",
                            "single_end": true
                        },
                        "test.quantized.bed.gz.csi:md5,d41d8cd98f00b204e9800998ecf8427e"
                    ]
                ],
                "regions_bed": [
                    [
                        {
                            "id": "test",
                            "single_end": true
                        },
                        "test.regions.bed.gz:md5,68b329da9893e34099c7d8ad5cb9c940"
                    ]
                ],
                "regions_csi": [
                    [
                        {
                            "id": "test",
                            "single_end": true
                        },
                        "test.regions.bed.gz.csi:md5,d41d8cd98f00b204e9800998ecf8427e"
                    ]
                ],
                "regions_txt": [
                    [
                        {
                            "id": "test",
                            "single_end": true
                        },
                        "test.region.dist.txt:md5,d41d8cd98f00b204e9800998ecf8427e"
                    ]
                ],
                "summary_txt": [
                    [
                        {
                            "id": "test",
                            "single_end": true
                        },
                        "test.summary.txt:md5,d41d8cd98f00b204e9800998ecf8427e"
                    ]
                ],
                "thresholds_bed": [
                    [
                        {
                            "id": "test",
                            "single_end": true
                        },
                        "test.thresholds.bed.gz:md5,68b329da9893e34099c7d8ad5cb9c940"
                    ]
                ],
                "thresholds_csi": [
                    [
                        {
                            "id": "test",
                            "single_end": true
                        },
                        "test.thresholds.bed.gz.csi:md5,d41d8cd98f00b204e9800998ecf8427e"
                    ]
                ],
                "versions": [
                    "versions.yml:md5,333368078626c18a32eeb12299080cc9"
                ]
            }
        ],
        "meta": {
            "nf-test": "0.9.2",
            "nextflow": "24.10.3"
        },
        "timestamp": "2025-01-17T14:57:12.350279421"
    },
    "homo_sapiens - cram, crai, bed": {
        "content": [
            {
                "0": [
                    [
                        {
                            "id": "test",
                            "single_end": true
                        },
                        "test.mosdepth.global.dist.txt:md5,e82e90c7d508a135b5a8a7cd6933452e"
                    ]
                ],
                "1": [
                    [
                        {
                            "id": "test",
                            "single_end": true
                        },
                        "test.mosdepth.summary.txt:md5,96c037f769974b904beb53edc4f56d82"
                    ]
                ],
                "10": [
                    
                ],
                "11": [
                    
                ],
                "12": [
                    "versions.yml:md5,333368078626c18a32eeb12299080cc9"
                ],
                "2": [
                    [
                        {
                            "id": "test",
                            "single_end": true
                        },
                        "test.mosdepth.region.dist.txt:md5,e82e90c7d508a135b5a8a7cd6933452e"
                    ]
                ],
                "3": [
                    
                ],
                "4": [
                    
                ],
                "5": [
                    
                ],
                "6": [
                    [
                        {
                            "id": "test",
                            "single_end": true
                        },
                        "test.regions.bed.gz:md5,9ded0397623fda26a6a3514d6a0e2a2c"
                    ]
                ],
                "7": [
                    [
                        {
                            "id": "test",
                            "single_end": true
                        },
                        "test.regions.bed.gz.csi:md5,47669cfe41f3e222e74d81e1b1be191f"
                    ]
                ],
                "8": [
                    
                ],
                "9": [
                    
                ],
                "global_txt": [
                    [
                        {
                            "id": "test",
                            "single_end": true
                        },
                        "test.mosdepth.global.dist.txt:md5,e82e90c7d508a135b5a8a7cd6933452e"
                    ]
                ],
                "per_base_bed": [
                    
                ],
                "per_base_csi": [
                    
                ],
                "per_base_d4": [
                    
                ],
                "quantized_bed": [
                    
                ],
                "quantized_csi": [
                    
                ],
                "regions_bed": [
                    [
                        {
                            "id": "test",
                            "single_end": true
                        },
                        "test.regions.bed.gz:md5,9ded0397623fda26a6a3514d6a0e2a2c"
                    ]
                ],
                "regions_csi": [
                    [
                        {
                            "id": "test",
                            "single_end": true
                        },
                        "test.regions.bed.gz.csi:md5,47669cfe41f3e222e74d81e1b1be191f"
                    ]
                ],
                "regions_txt": [
                    [
                        {
                            "id": "test",
                            "single_end": true
                        },
                        "test.mosdepth.region.dist.txt:md5,e82e90c7d508a135b5a8a7cd6933452e"
                    ]
                ],
                "summary_txt": [
                    [
                        {
                            "id": "test",
                            "single_end": true
                        },
                        "test.mosdepth.summary.txt:md5,96c037f769974b904beb53edc4f56d82"
                    ]
                ],
                "thresholds_bed": [
                    
                ],
                "thresholds_csi": [
                    
                ],
                "versions": [
                    "versions.yml:md5,333368078626c18a32eeb12299080cc9"
                ]
            }
        ],
        "meta": {
            "nf-test": "0.9.2",
            "nextflow": "25.04.3"
        },
        "timestamp": "2025-06-06T09:24:05.066627888"
    },
    "homo_sapiens - bam, bai, [] - quantized": {
        "content": [
            {
                "0": [
                    [
                        {
                            "id": "test",
                            "single_end": true
                        },
                        "test.mosdepth.global.dist.txt:md5,e82e90c7d508a135b5a8a7cd6933452e"
                    ]
                ],
                "1": [
                    [
                        {
                            "id": "test",
                            "single_end": true
                        },
                        "test.mosdepth.summary.txt:md5,4f0d231060cbde4efdd673863bd2fb59"
                    ]
                ],
                "10": [
                    
                ],
                "11": [
                    
                ],
                "12": [
                    "versions.yml:md5,333368078626c18a32eeb12299080cc9"
                ],
                "2": [
                    
                ],
                "3": [
                    
                ],
                "4": [
                    
                ],
                "5": [
                    
                ],
                "6": [
                    
                ],
                "7": [
                    
                ],
                "8": [
                    
                ],
                "9": [
                    
                ],
                "global_txt": [
                    [
                        {
                            "id": "test",
                            "single_end": true
                        },
                        "test.mosdepth.global.dist.txt:md5,e82e90c7d508a135b5a8a7cd6933452e"
                    ]
                ],
                "per_base_bed": [
                    
                ],
                "per_base_csi": [
                    
                ],
                "per_base_d4": [
                    
                ],
                "quantized_bed": [
                    
                ],
                "quantized_csi": [
                    
                ],
                "regions_bed": [
                    
                ],
                "regions_csi": [
                    
                ],
                "regions_txt": [
                    
                ],
                "summary_txt": [
                    [
                        {
                            "id": "test",
                            "single_end": true
                        },
                        "test.mosdepth.summary.txt:md5,4f0d231060cbde4efdd673863bd2fb59"
                    ]
                ],
                "thresholds_bed": [
                    
                ],
                "thresholds_csi": [
                    
                ],
                "versions": [
                    "versions.yml:md5,333368078626c18a32eeb12299080cc9"
                ]
            }
        ],
        "meta": {
            "nf-test": "0.9.2",
            "nextflow": "25.04.3"
        },
        "timestamp": "2025-06-06T09:24:20.87378158"
    },
    "homo_sapiens - bam, bai, bed": {
        "content": [
            {
                "0": [
                    [
                        {
                            "id": "test",
                            "single_end": true
                        },
                        "test.mosdepth.global.dist.txt:md5,e82e90c7d508a135b5a8a7cd6933452e"
                    ]
                ],
                "1": [
                    [
                        {
                            "id": "test",
                            "single_end": true
                        },
                        "test.mosdepth.summary.txt:md5,96c037f769974b904beb53edc4f56d82"
                    ]
                ],
                "10": [
                    
                ],
                "11": [
                    
                ],
                "12": [
                    "versions.yml:md5,333368078626c18a32eeb12299080cc9"
                ],
                "2": [
                    [
                        {
                            "id": "test",
                            "single_end": true
                        },
                        "test.mosdepth.region.dist.txt:md5,e82e90c7d508a135b5a8a7cd6933452e"
                    ]
                ],
                "3": [
                    
                ],
                "4": [
                    
                ],
                "5": [
                    
                ],
                "6": [
                    [
                        {
                            "id": "test",
                            "single_end": true
                        },
                        "test.regions.bed.gz:md5,9ded0397623fda26a6a3514d6a0e2a2c"
                    ]
                ],
                "7": [
                    [
                        {
                            "id": "test",
                            "single_end": true
                        },
                        "test.regions.bed.gz.csi:md5,47669cfe41f3e222e74d81e1b1be191f"
                    ]
                ],
                "8": [
                    
                ],
                "9": [
                    
                ],
                "global_txt": [
                    [
                        {
                            "id": "test",
                            "single_end": true
                        },
                        "test.mosdepth.global.dist.txt:md5,e82e90c7d508a135b5a8a7cd6933452e"
                    ]
                ],
                "per_base_bed": [
                    
                ],
                "per_base_csi": [
                    
                ],
                "per_base_d4": [
                    
                ],
                "quantized_bed": [
                    
                ],
                "quantized_csi": [
                    
                ],
                "regions_bed": [
                    [
                        {
                            "id": "test",
                            "single_end": true
                        },
                        "test.regions.bed.gz:md5,9ded0397623fda26a6a3514d6a0e2a2c"
                    ]
                ],
                "regions_csi": [
                    [
                        {
                            "id": "test",
                            "single_end": true
                        },
                        "test.regions.bed.gz.csi:md5,47669cfe41f3e222e74d81e1b1be191f"
                    ]
                ],
                "regions_txt": [
                    [
                        {
                            "id": "test",
                            "single_end": true
                        },
                        "test.mosdepth.region.dist.txt:md5,e82e90c7d508a135b5a8a7cd6933452e"
                    ]
                ],
                "summary_txt": [
                    [
                        {
                            "id": "test",
                            "single_end": true
                        },
                        "test.mosdepth.summary.txt:md5,96c037f769974b904beb53edc4f56d82"
                    ]
                ],
                "thresholds_bed": [
                    
                ],
                "thresholds_csi": [
                    
                ],
                "versions": [
                    "versions.yml:md5,333368078626c18a32eeb12299080cc9"
                ]
            }
        ],
        "meta": {
            "nf-test": "0.9.2",
            "nextflow": "25.04.3"
        },
        "timestamp": "2025-06-06T09:23:48.446538441"
    },
    "homo_sapiens - bam, bai, [] - window": {
        "content": [
            {
                "0": [
                    [
                        {
                            "id": "test",
                            "single_end": true
                        },
                        "test.mosdepth.global.dist.txt:md5,e82e90c7d508a135b5a8a7cd6933452e"
                    ]
                ],
                "1": [
                    [
                        {
                            "id": "test",
                            "single_end": true
                        },
                        "test.mosdepth.summary.txt:md5,4f0d231060cbde4efdd673863bd2fb59"
                    ]
                ],
                "10": [
                    
                ],
                "11": [
                    
                ],
                "12": [
                    "versions.yml:md5,333368078626c18a32eeb12299080cc9"
                ],
                "2": [
                    
                ],
                "3": [
                    
                ],
                "4": [
                    
                ],
                "5": [
                    
                ],
                "6": [
                    
                ],
                "7": [
                    
                ],
                "8": [
                    
                ],
                "9": [
                    
                ],
                "global_txt": [
                    [
                        {
                            "id": "test",
                            "single_end": true
                        },
                        "test.mosdepth.global.dist.txt:md5,e82e90c7d508a135b5a8a7cd6933452e"
                    ]
                ],
                "per_base_bed": [
                    
                ],
                "per_base_csi": [
                    
                ],
                "per_base_d4": [
                    
                ],
                "quantized_bed": [
                    
                ],
                "quantized_csi": [
                    
                ],
                "regions_bed": [
                    
                ],
                "regions_csi": [
                    
                ],
                "regions_txt": [
                    
                ],
                "summary_txt": [
                    [
                        {
                            "id": "test",
                            "single_end": true
                        },
                        "test.mosdepth.summary.txt:md5,4f0d231060cbde4efdd673863bd2fb59"
                    ]
                ],
                "thresholds_bed": [
                    
                ],
                "thresholds_csi": [
                    
                ],
                "versions": [
                    "versions.yml:md5,333368078626c18a32eeb12299080cc9"
                ]
            }
        ],
        "meta": {
            "nf-test": "0.9.2",
            "nextflow": "25.04.3"
        },
        "timestamp": "2025-06-06T09:24:12.96085282"
    },
    "homo_sapiens - bam, bai, []": {
        "content": [
            {
                "0": [
                    [
                        {
                            "id": "test",
                            "single_end": true
                        },
                        "test.mosdepth.global.dist.txt:md5,e82e90c7d508a135b5a8a7cd6933452e"
                    ]
                ],
                "1": [
                    [
                        {
                            "id": "test",
                            "single_end": true
                        },
                        "test.mosdepth.summary.txt:md5,4f0d231060cbde4efdd673863bd2fb59"
                    ]
                ],
                "10": [
                    
                ],
                "11": [
                    
                ],
                "12": [
                    "versions.yml:md5,333368078626c18a32eeb12299080cc9"
                ],
                "2": [
                    
                ],
                "3": [
                    
                ],
                "4": [
                    
                ],
                "5": [
                    
                ],
                "6": [
                    
                ],
                "7": [
                    
                ],
                "8": [
                    
                ],
                "9": [
                    
                ],
                "global_txt": [
                    [
                        {
                            "id": "test",
                            "single_end": true
                        },
                        "test.mosdepth.global.dist.txt:md5,e82e90c7d508a135b5a8a7cd6933452e"
                    ]
                ],
                "per_base_bed": [
                    
                ],
                "per_base_csi": [
                    
                ],
                "per_base_d4": [
                    
                ],
                "quantized_bed": [
                    
                ],
                "quantized_csi": [
                    
                ],
                "regions_bed": [
                    
                ],
                "regions_csi": [
                    
                ],
                "regions_txt": [
                    
                ],
                "summary_txt": [
                    [
                        {
                            "id": "test",
                            "single_end": true
                        },
                        "test.mosdepth.summary.txt:md5,4f0d231060cbde4efdd673863bd2fb59"
                    ]
                ],
                "thresholds_bed": [
                    
                ],
                "thresholds_csi": [
                    
                ],
                "versions": [
                    "versions.yml:md5,333368078626c18a32eeb12299080cc9"
                ]
            }
        ],
        "meta": {
            "nf-test": "0.9.2",
            "nextflow": "25.04.3"
        },
        "timestamp": "2025-06-06T09:23:40.44328437"
    },
    "homo_sapiens - cram, crai, []": {
        "content": [
            {
                "0": [
                    [
                        {
                            "id": "test",
                            "single_end": true
                        },
                        "test.mosdepth.global.dist.txt:md5,e82e90c7d508a135b5a8a7cd6933452e"
                    ]
                ],
                "1": [
                    [
                        {
                            "id": "test",
                            "single_end": true
                        },
                        "test.mosdepth.summary.txt:md5,4f0d231060cbde4efdd673863bd2fb59"
                    ]
                ],
                "10": [
                    
                ],
                "11": [
                    
                ],
                "12": [
                    "versions.yml:md5,333368078626c18a32eeb12299080cc9"
                ],
                "2": [
                    
                ],
                "3": [
                    
                ],
                "4": [
                    
                ],
                "5": [
                    
                ],
                "6": [
                    
                ],
                "7": [
                    
                ],
                "8": [
                    
                ],
                "9": [
                    
                ],
                "global_txt": [
                    [
                        {
                            "id": "test",
                            "single_end": true
                        },
                        "test.mosdepth.global.dist.txt:md5,e82e90c7d508a135b5a8a7cd6933452e"
                    ]
                ],
                "per_base_bed": [
                    
                ],
                "per_base_csi": [
                    
                ],
                "per_base_d4": [
                    
                ],
                "quantized_bed": [
                    
                ],
                "quantized_csi": [
                    
                ],
                "regions_bed": [
                    
                ],
                "regions_csi": [
                    
                ],
                "regions_txt": [
                    
                ],
                "summary_txt": [
                    [
                        {
                            "id": "test",
                            "single_end": true
                        },
                        "test.mosdepth.summary.txt:md5,4f0d231060cbde4efdd673863bd2fb59"
                    ]
                ],
                "thresholds_bed": [
                    
                ],
                "thresholds_csi": [
                    
                ],
                "versions": [
                    "versions.yml:md5,333368078626c18a32eeb12299080cc9"
                ]
            }
        ],
        "meta": {
            "nf-test": "0.9.2",
            "nextflow": "25.04.3"
        },
        "timestamp": "2025-06-06T09:23:56.995358095"
    },
    "homo_sapiens - bam, bai, bed - thresholds": {
        "content": [
            {
                "0": [
                    [
                        {
                            "id": "test",
                            "single_end": true
                        },
                        "test.mosdepth.global.dist.txt:md5,e82e90c7d508a135b5a8a7cd6933452e"
                    ]
                ],
                "1": [
                    [
                        {
                            "id": "test",
                            "single_end": true
                        },
                        "test.mosdepth.summary.txt:md5,96c037f769974b904beb53edc4f56d82"
                    ]
                ],
                "10": [
                    
                ],
                "11": [
                    
                ],
                "12": [
                    "versions.yml:md5,333368078626c18a32eeb12299080cc9"
                ],
                "2": [
                    [
                        {
                            "id": "test",
                            "single_end": true
                        },
                        "test.mosdepth.region.dist.txt:md5,e82e90c7d508a135b5a8a7cd6933452e"
                    ]
                ],
                "3": [
                    
                ],
                "4": [
                    
                ],
                "5": [
                    
                ],
                "6": [
                    [
                        {
                            "id": "test",
                            "single_end": true
                        },
                        "test.regions.bed.gz:md5,9ded0397623fda26a6a3514d6a0e2a2c"
                    ]
                ],
                "7": [
                    [
                        {
                            "id": "test",
                            "single_end": true
                        },
                        "test.regions.bed.gz.csi:md5,47669cfe41f3e222e74d81e1b1be191f"
                    ]
                ],
                "8": [
                    
                ],
                "9": [
                    
                ],
                "global_txt": [
                    [
                        {
                            "id": "test",
                            "single_end": true
                        },
                        "test.mosdepth.global.dist.txt:md5,e82e90c7d508a135b5a8a7cd6933452e"
                    ]
                ],
                "per_base_bed": [
                    
                ],
                "per_base_csi": [
                    
                ],
                "per_base_d4": [
                    
                ],
                "quantized_bed": [
                    
                ],
                "quantized_csi": [
                    
                ],
                "regions_bed": [
                    [
                        {
                            "id": "test",
                            "single_end": true
                        },
                        "test.regions.bed.gz:md5,9ded0397623fda26a6a3514d6a0e2a2c"
                    ]
                ],
                "regions_csi": [
                    [
                        {
                            "id": "test",
                            "single_end": true
                        },
                        "test.regions.bed.gz.csi:md5,47669cfe41f3e222e74d81e1b1be191f"
                    ]
                ],
                "regions_txt": [
                    [
                        {
                            "id": "test",
                            "single_end": true
                        },
                        "test.mosdepth.region.dist.txt:md5,e82e90c7d508a135b5a8a7cd6933452e"
                    ]
                ],
                "summary_txt": [
                    [
                        {
                            "id": "test",
                            "single_end": true
                        },
                        "test.mosdepth.summary.txt:md5,96c037f769974b904beb53edc4f56d82"
                    ]
                ],
                "thresholds_bed": [
                    
                ],
                "thresholds_csi": [
                    
                ],
                "versions": [
                    "versions.yml:md5,333368078626c18a32eeb12299080cc9"
                ]
            }
        ],
        "meta": {
            "nf-test": "0.9.2",
            "nextflow": "25.04.3"
        },
        "timestamp": "2025-06-06T09:24:28.916914234"
    }
}