{
    "sarscov2 - bam_input": {
        "content": [
            {
                "0": [
                    [
                        {
                            "id": "test",
                            "single_end": false
                        },
                        "test.null.tsv:md5,8cdbaf8cb7283a97471c9bc1582c3726"
                    ]
                ],
                "1": [
                    "versions.yml:md5,5ecb2332525b224e9d8c2e0dbb92f969"
                ],
                "coverage": [
                    [
                        {
                            "id": "test",
                            "single_end": false
                        },
                        "test.null.tsv:md5,8cdbaf8cb7283a97471c9bc1582c3726"
                    ]
                ],
                "versions": [
                    "versions.yml:md5,5ecb2332525b224e9d8c2e0dbb92f969"
                ]
            }
        ],
        "meta": {
            "nf-test": "0.9.2",
            "nextflow": "25.04.3"
        },
        "timestamp": "2025-06-03T15:06:18.915288129"
    },
    "sarscov2 - bam_input - stub": {
        "content": [
            {
                "0": [
                    [
                        {
                            "id": "test",
                            "single_end": false
                        },
                        "test.null.tsv:md5,d41d8cd98f00b204e9800998ecf8427e"
                    ]
                ],
                "1": [
                    "versions.yml:md5,5ecb2332525b224e9d8c2e0dbb92f969"
                ],
                "coverage": [
                    [
                        {
                            "id": "test",
                            "single_end": false
                        },
                        "test.null.tsv:md5,d41d8cd98f00b204e9800998ecf8427e"
                    ]
                ],
                "versions": [
                    "versions.yml:md5,5ecb2332525b224e9d8c2e0dbb92f969"
                ]
            }
        ],
        "meta": {
            "nf-test": "0.9.2",
            "nextflow": "25.04.3"
        },
        "timestamp": "2025-06-03T15:06:29.092791572"
    },
    "homo_sapiens - cram_input": {
        "content": [
            {
                "0": [
                    [
                        {
                            "id": "test",
                            "single_end": false
                        },
                        "test.null.tsv:md5,2c65b01f696a2193713ed71f11f6cc13"
                    ]
                ],
                "1": [
                    "versions.yml:md5,5ecb2332525b224e9d8c2e0dbb92f969"
                ],
                "coverage": [
                    [
                        {
                            "id": "test",
                            "single_end": false
                        },
                        "test.null.tsv:md5,2c65b01f696a2193713ed71f11f6cc13"
                    ]
                ],
                "versions": [
                    "versions.yml:md5,5ecb2332525b224e9d8c2e0dbb92f969"
                ]
            }
        ],
        "meta": {
            "nf-test": "0.9.2",
            "nextflow": "25.04.3"
        },
        "timestamp": "2025-06-03T15:06:39.89986985"
    }
}